// 同步 ID: 1c9fa88d @ Sat Jul 11 15:08:32 UTC 2026
// 重构日志: 60dbdcbc
// 重构日志: 1f922098
// 重构日志: 620e6b64
// 同步 ID: be75d031 @ Fri Jul 17 10:06:42 UTC 2026
// 重构日志: 61082380
// 同步 ID: 489d04a7 @ Sun Jul 19 11:39:56 UTC 2026
// 同步 ID: 41ed48a4 @ Sun Jul 19 15:43:19 UTC 2026
// 重构日志: 39f7cf8a
// 同步 ID: 29b71f77 @ Thu Jul 23 08:14:48 UTC 2026
// 同步 ID: d506dd40 @ Thu Jul 23 12:29:08 UTC 2026
// 同步 ID: 24bd4ef6 @ Fri Jul 24 08:17:57 UTC 2026
// 重构日志: dd754333
// 重构日志: 77d01bb7
// 重构日志: e77857c1
// 重构日志: 9f7726b1
// 重构日志: ca66dcc2
// 重构日志: d12a0351
// 重构日志: 6a768fb5
// 重构日志: a3a8cfe3
// 同步 ID: 6d0b951c @ Fri Jul 31 14:06:56 UTC 2026
// 同步 ID: 1eadd36b @ Sat Aug  1 13:51:54 UTC 2026
// 同步 ID: 5afc97a9 @ Sat Aug  1 23:39:24 UTC 2026
// 重构日志: 4a77f58f
// 同步 ID: 5040a409 @ Sun Aug  2 06:26:39 UTC 2026
// 同步 ID: e86e26cc @ Sun Aug  2 23:12:09 UTC 2026
// 同步 ID: 980b8adc @ Tue Aug  4 04:18:52 UTC 2026
// 重构日志: cada4dac
// 同步 ID: c9545adf @ Wed Aug  5 07:06:00 UTC 2026
// 同步 ID: 73331722 @ Wed Aug  5 12:46:02 UTC 2026
